<?xml version="1.0"?>
<link_info>
   <banner>TI ARM Linker PC v5.2.2</banner>
   <copyright>Copyright (c) 1996-2015 Texas Instruments Incorporated</copyright>
   <link_time>0x5ed8a9cb</link_time>
   <link_errors>0x0</link_errors>
   <output_file>Scheduler.out</output_file>
   <entry_point>
      <name>_c_int00</name>
      <address>0xaf9</address>
   </entry_point>
   <input_file_list>
      <input_file id="fl-2">
         <path>.\</path>
         <kind>object</kind>
         <file>lm4f120b2qr_startup_ccs.obj</file>
         <name>lm4f120b2qr_startup_ccs.obj</name>
      </input_file>
      <input_file id="fl-3">
         <path>.\</path>
         <kind>object</kind>
         <file>main.obj</file>
         <name>main.obj</name>
      </input_file>
      <input_file id="fl-4">
         <path>.\TASK\</path>
         <kind>object</kind>
         <file>Task.obj</file>
         <name>Task.obj</name>
      </input_file>
      <input_file id="fl-5">
         <path>.\TASK\</path>
         <kind>object</kind>
         <file>Task1.obj</file>
         <name>Task1.obj</name>
      </input_file>
      <input_file id="fl-6">
         <path>.\TASK\</path>
         <kind>object</kind>
         <file>Task2.obj</file>
         <name>Task2.obj</name>
      </input_file>
      <input_file id="fl-7">
         <path>.\TASK\</path>
         <kind>object</kind>
         <file>Task3.obj</file>
         <name>Task3.obj</name>
      </input_file>
      <input_file id="fl-8">
         <path>.\Scheduler\</path>
         <kind>object</kind>
         <file>scheduler.obj</file>
         <name>scheduler.obj</name>
      </input_file>
      <input_file id="fl-9">
         <path>.\SWITCH\</path>
         <kind>object</kind>
         <file>SWITCH.obj</file>
         <name>SWITCH.obj</name>
      </input_file>
      <input_file id="fl-a">
         <path>.\RGBState\</path>
         <kind>object</kind>
         <file>RGBState.obj</file>
         <name>RGBState.obj</name>
      </input_file>
      <input_file id="fl-b">
         <path>.\LED\</path>
         <kind>object</kind>
         <file>LED.obj</file>
         <name>LED.obj</name>
      </input_file>
      <input_file id="fl-11">
         <path>C:\ti\TivaWare_C_Series-2.1.2.111\driverlib\ccs\Debug\</path>
         <kind>archive</kind>
         <file>driverlib.lib</file>
         <name>gpio.obj</name>
      </input_file>
      <input_file id="fl-12">
         <path>C:\ti\TivaWare_C_Series-2.1.2.111\driverlib\ccs\Debug\</path>
         <kind>archive</kind>
         <file>driverlib.lib</file>
         <name>interrupt.obj</name>
      </input_file>
      <input_file id="fl-13">
         <path>C:\ti\TivaWare_C_Series-2.1.2.111\driverlib\ccs\Debug\</path>
         <kind>archive</kind>
         <file>driverlib.lib</file>
         <name>sysctl.obj</name>
      </input_file>
      <input_file id="fl-14">
         <path>C:\ti\TivaWare_C_Series-2.1.2.111\driverlib\ccs\Debug\</path>
         <kind>archive</kind>
         <file>driverlib.lib</file>
         <name>systick.obj</name>
      </input_file>
      <input_file id="fl-15">
         <path>C:\ti\TivaWare_C_Series-2.1.2.111\driverlib\ccs\Debug\</path>
         <kind>archive</kind>
         <file>driverlib.lib</file>
         <name>cpu.obj</name>
      </input_file>
      <input_file id="fl-137">
         <path>C:\ti\ccsv6\tools\compiler\ti-cgt-arm_5.2.2\lib\</path>
         <kind>archive</kind>
         <file>rtsv7M4_T_le_v4SPD16_eabi.lib</file>
         <name>boot.obj</name>
      </input_file>
      <input_file id="fl-138">
         <path>C:\ti\ccsv6\tools\compiler\ti-cgt-arm_5.2.2\lib\</path>
         <kind>archive</kind>
         <file>rtsv7M4_T_le_v4SPD16_eabi.lib</file>
         <name>copy_decompress_none.obj</name>
      </input_file>
      <input_file id="fl-139">
         <path>C:\ti\ccsv6\tools\compiler\ti-cgt-arm_5.2.2\lib\</path>
         <kind>archive</kind>
         <file>rtsv7M4_T_le_v4SPD16_eabi.lib</file>
         <name>copy_decompress_rle.obj</name>
      </input_file>
      <input_file id="fl-13a">
         <path>C:\ti\ccsv6\tools\compiler\ti-cgt-arm_5.2.2\lib\</path>
         <kind>archive</kind>
         <file>rtsv7M4_T_le_v4SPD16_eabi.lib</file>
         <name>copy_zero_init.obj</name>
      </input_file>
      <input_file id="fl-13b">
         <path>C:\ti\ccsv6\tools\compiler\ti-cgt-arm_5.2.2\lib\</path>
         <kind>archive</kind>
         <file>rtsv7M4_T_le_v4SPD16_eabi.lib</file>
         <name>exit.obj</name>
      </input_file>
      <input_file id="fl-13c">
         <path>C:\ti\ccsv6\tools\compiler\ti-cgt-arm_5.2.2\lib\</path>
         <kind>archive</kind>
         <file>rtsv7M4_T_le_v4SPD16_eabi.lib</file>
         <name>memcpy_t2.obj</name>
      </input_file>
      <input_file id="fl-13d">
         <path>C:\ti\ccsv6\tools\compiler\ti-cgt-arm_5.2.2\lib\</path>
         <kind>archive</kind>
         <file>rtsv7M4_T_le_v4SPD16_eabi.lib</file>
         <name>memset_t2.obj</name>
      </input_file>
      <input_file id="fl-13e">
         <path>C:\ti\ccsv6\tools\compiler\ti-cgt-arm_5.2.2\lib\</path>
         <kind>archive</kind>
         <file>rtsv7M4_T_le_v4SPD16_eabi.lib</file>
         <name>pre_init.obj</name>
      </input_file>
      <input_file id="fl-13f">
         <path>C:\ti\ccsv6\tools\compiler\ti-cgt-arm_5.2.2\lib\</path>
         <kind>archive</kind>
         <file>rtsv7M4_T_le_v4SPD16_eabi.lib</file>
         <name>stkdepth_vars.obj</name>
      </input_file>
      <input_file id="fl-140">
         <path>C:\ti\ccsv6\tools\compiler\ti-cgt-arm_5.2.2\lib\</path>
         <kind>archive</kind>
         <file>rtsv7M4_T_le_v4SPD16_eabi.lib</file>
         <name>_lock.obj</name>
      </input_file>
      <input_file id="fl-141">
         <path>C:\ti\ccsv6\tools\compiler\ti-cgt-arm_5.2.2\lib\</path>
         <kind>archive</kind>
         <file>rtsv7M4_T_le_v4SPD16_eabi.lib</file>
         <name>args_main.obj</name>
      </input_file>
      <input_file id="fl-142">
         <path>C:\ti\ccsv6\tools\compiler\ti-cgt-arm_5.2.2\lib\</path>
         <kind>archive</kind>
         <file>rtsv7M4_T_le_v4SPD16_eabi.lib</file>
         <name>autoinit.obj</name>
      </input_file>
      <input_file id="fl-143">
         <path>C:\ti\ccsv6\tools\compiler\ti-cgt-arm_5.2.2\lib\</path>
         <kind>archive</kind>
         <file>rtsv7M4_T_le_v4SPD16_eabi.lib</file>
         <name>cpy_tbl.obj</name>
      </input_file>
   </input_file_list>
   <object_component_list>
      <object_component id="oc-f">
         <name>.intvecs</name>
         <load_address>0x0</load_address>
         <run_address>0x0</run_address>
         <size>0x26c</size>
         <input_file_ref idref="fl-2"/>
      </object_component>
      <object_component id="oc-30">
         <name>.text</name>
         <load_address>0x26c</load_address>
         <run_address>0x26c</run_address>
         <size>0x15c</size>
         <input_file_ref idref="fl-8"/>
      </object_component>
      <object_component id="oc-167">
         <name>.text:GPIOPadConfigSet</name>
         <load_address>0x3c8</load_address>
         <run_address>0x3c8</run_address>
         <size>0x132</size>
         <input_file_ref idref="fl-11"/>
      </object_component>
      <object_component id="oc-128">
         <name>.text</name>
         <load_address>0x4fc</load_address>
         <run_address>0x4fc</run_address>
         <size>0x110</size>
         <input_file_ref idref="fl-a"/>
      </object_component>
      <object_component id="oc-7b">
         <name>.text:SysCtlClockGet</name>
         <load_address>0x60c</load_address>
         <run_address>0x60c</run_address>
         <size>0x110</size>
         <input_file_ref idref="fl-13"/>
      </object_component>
      <object_component id="oc-116">
         <name>.text:SysCtlClockSet</name>
         <load_address>0x71c</load_address>
         <run_address>0x71c</run_address>
         <size>0xf4</size>
         <input_file_ref idref="fl-13"/>
      </object_component>
      <object_component id="oc-39">
         <name>.text</name>
         <load_address>0x810</load_address>
         <run_address>0x810</run_address>
         <size>0x9c</size>
         <input_file_ref idref="fl-13c"/>
      </object_component>
      <object_component id="oc-11c">
         <name>.text</name>
         <load_address>0x8ac</load_address>
         <run_address>0x8ac</run_address>
         <size>0x98</size>
         <input_file_ref idref="fl-9"/>
      </object_component>
      <object_component id="oc-52">
         <name>.text</name>
         <load_address>0x944</load_address>
         <run_address>0x944</run_address>
         <size>0x7a</size>
         <input_file_ref idref="fl-13d"/>
      </object_component>
      <object_component id="oc-64">
         <name>.text</name>
         <load_address>0x9c0</load_address>
         <run_address>0x9c0</run_address>
         <size>0x6c</size>
         <input_file_ref idref="fl-142"/>
      </object_component>
      <object_component id="oc-45">
         <name>.text</name>
         <load_address>0xa2c</load_address>
         <run_address>0xa2c</run_address>
         <size>0x6a</size>
         <input_file_ref idref="fl-139"/>
      </object_component>
      <object_component id="oc-122">
         <name>.text</name>
         <load_address>0xa98</load_address>
         <run_address>0xa98</run_address>
         <size>0x60</size>
         <input_file_ref idref="fl-b"/>
      </object_component>
      <object_component id="oc-24">
         <name>.text</name>
         <load_address>0xaf8</load_address>
         <run_address>0xaf8</run_address>
         <size>0x50</size>
         <input_file_ref idref="fl-137"/>
      </object_component>
      <object_component id="oc-c5">
         <name>.text</name>
         <load_address>0xb48</load_address>
         <run_address>0xb48</run_address>
         <size>0x4c</size>
         <input_file_ref idref="fl-143"/>
      </object_component>
      <object_component id="oc-70">
         <name>.text</name>
         <load_address>0xb94</load_address>
         <run_address>0xb94</run_address>
         <size>0x44</size>
         <input_file_ref idref="fl-13b"/>
      </object_component>
      <object_component id="oc-15b">
         <name>.text:SysCtlPeripheralEnable</name>
         <load_address>0xbd8</load_address>
         <run_address>0xbd8</run_address>
         <size>0x34</size>
         <input_file_ref idref="fl-13"/>
      </object_component>
      <object_component id="oc-1a5">
         <name>.text:GPIODirModeSet</name>
         <load_address>0xc0c</load_address>
         <run_address>0xc0c</run_address>
         <size>0x2a</size>
         <input_file_ref idref="fl-11"/>
      </object_component>
      <object_component id="oc-cd">
         <name>.text</name>
         <load_address>0xc38</load_address>
         <run_address>0xc38</run_address>
         <size>0x28</size>
         <input_file_ref idref="fl-3"/>
      </object_component>
      <object_component id="oc-ff">
         <name>.text</name>
         <load_address>0xc60</load_address>
         <run_address>0xc60</run_address>
         <size>0x24</size>
         <input_file_ref idref="fl-7"/>
      </object_component>
      <object_component id="oc-f9">
         <name>.text</name>
         <load_address>0xc84</load_address>
         <run_address>0xc84</run_address>
         <size>0x20</size>
         <input_file_ref idref="fl-6"/>
      </object_component>
      <object_component id="oc-179">
         <name>.text:GPIOPinTypeGPIOOutput</name>
         <load_address>0xca4</load_address>
         <run_address>0xca4</run_address>
         <size>0x18</size>
         <input_file_ref idref="fl-11"/>
      </object_component>
      <object_component id="oc-6a">
         <name>.text</name>
         <load_address>0xcbc</load_address>
         <run_address>0xcbc</run_address>
         <size>0x18</size>
         <input_file_ref idref="fl-141"/>
      </object_component>
      <object_component id="oc-87">
         <name>.text:SysTickEnable</name>
         <load_address>0xcd4</load_address>
         <run_address>0xcd4</run_address>
         <size>0x14</size>
         <input_file_ref idref="fl-14"/>
      </object_component>
      <object_component id="oc-8d">
         <name>.text:SysTickIntEnable</name>
         <load_address>0xce8</load_address>
         <run_address>0xce8</run_address>
         <size>0x14</size>
         <input_file_ref idref="fl-14"/>
      </object_component>
      <object_component id="oc-136">
         <name>.text</name>
         <load_address>0xcfc</load_address>
         <run_address>0xcfc</run_address>
         <size>0x14</size>
         <input_file_ref idref="fl-140"/>
      </object_component>
      <object_component id="oc-161">
         <name>.text:GPIOPinTypeGPIOInput</name>
         <load_address>0xd10</load_address>
         <run_address>0xd10</run_address>
         <size>0x12</size>
         <input_file_ref idref="fl-11"/>
      </object_component>
      <object_component id="oc-81">
         <name>.text:SysTickPeriodSet</name>
         <load_address>0xd24</load_address>
         <run_address>0xd24</run_address>
         <size>0x10</size>
         <input_file_ref idref="fl-14"/>
      </object_component>
      <object_component id="oc-12">
         <name>.text:decompress:none</name>
         <load_address>0xd34</load_address>
         <run_address>0xd34</run_address>
         <size>0xe</size>
         <input_file_ref idref="fl-138"/>
      </object_component>
      <object_component id="oc-1e">
         <name>.text:decompress:ZI</name>
         <load_address>0xd42</load_address>
         <run_address>0xd42</run_address>
         <size>0xc</size>
         <input_file_ref idref="fl-13a"/>
      </object_component>
      <object_component id="oc-2a">
         <name>.text</name>
         <load_address>0xd4e</load_address>
         <run_address>0xd4e</run_address>
         <size>0xc</size>
         <input_file_ref idref="fl-2"/>
      </object_component>
      <object_component id="oc-f3">
         <name>.text</name>
         <load_address>0xd5a</load_address>
         <run_address>0xd5a</run_address>
         <size>0xa</size>
         <input_file_ref idref="fl-5"/>
      </object_component>
      <object_component id="oc-16d">
         <name>.text:GPIOPinRead</name>
         <load_address>0xd64</load_address>
         <run_address>0xd64</run_address>
         <size>0x6</size>
         <input_file_ref idref="fl-11"/>
      </object_component>
      <object_component id="oc-17f">
         <name>.text:GPIOPinWrite</name>
         <load_address>0xd6a</load_address>
         <run_address>0xd6a</run_address>
         <size>0x6</size>
         <input_file_ref idref="fl-11"/>
      </object_component>
      <object_component id="oc-159">
         <name>.text:SysCtlDelay</name>
         <load_address>0xd70</load_address>
         <run_address>0xd70</run_address>
         <size>0x6</size>
         <input_file_ref idref="fl-13"/>
      </object_component>
      <object_component id="oc-18">
         <name>.text:decompress:rle24</name>
         <load_address>0xd76</load_address>
         <run_address>0xd76</run_address>
         <size>0x6</size>
         <input_file_ref idref="fl-139"/>
      </object_component>
      <object_component id="oc-5e">
         <name>.text</name>
         <load_address>0xd7c</load_address>
         <run_address>0xd7c</run_address>
         <size>0x4</size>
         <input_file_ref idref="fl-13e"/>
      </object_component>
      <object_component id="oc-e0">
         <name>.const:g_pui32Xtals</name>
         <load_address>0xd80</load_address>
         <run_address>0xd80</run_address>
         <size>0x6c</size>
         <input_file_ref idref="fl-13"/>
      </object_component>
      <object_component id="oc-185">
         <name>.const</name>
         <load_address>0xdec</load_address>
         <run_address>0xdec</run_address>
         <size>0x18</size>
         <input_file_ref idref="fl-b"/>
      </object_component>
      <object_component id="oc-1e3">
         <name>.cinit..data.load</name>
         <load_address>0xe08</load_address>
         <run_address>0xe08</run_address>
         <size>0x42</size>
      </object_component>
      <object_component id="oc-1e1">
         <name>__TI_handler_table</name>
         <load_address>0xe4c</load_address>
         <run_address>0xe4c</run_address>
         <size>0xc</size>
      </object_component>
      <object_component id="oc-1e4">
         <name>.cinit..bss.load</name>
         <load_address>0xe58</load_address>
         <run_address>0xe58</run_address>
         <size>0x8</size>
      </object_component>
      <object_component id="oc-1e2">
         <name>__TI_cinit_table</name>
         <load_address>0xe60</load_address>
         <run_address>0xe60</run_address>
         <size>0x10</size>
      </object_component>
      <object_component id="oc-29">
         <name>.stack</name>
         <uninitialized>true</uninitialized>
         <run_address>0x20000000</run_address>
         <size>0x0</size>
         <input_file_ref idref="fl-137"/>
      </object_component>
      <object_component id="oc-1e5">
         <name>.stack</name>
         <uninitialized>true</uninitialized>
         <run_address>0x20000000</run_address>
         <size>0x0</size>
      </object_component>
      <object_component id="oc-93">
         <name>.common:g_ui32SchedulerTickCount</name>
         <uninitialized>true</uninitialized>
         <run_address>0x20000258</run_address>
         <size>0x4</size>
      </object_component>
      <object_component id="oc-18e">
         <name>.common:RGBState</name>
         <uninitialized>true</uninitialized>
         <run_address>0x2000025c</run_address>
         <size>0x1</size>
      </object_component>
      <object_component id="oc-9c">
         <name>.data:g_psSchedulerTable</name>
         <load_address>0x20000200</load_address>
         <run_address>0x20000200</run_address>
         <size>0x3c</size>
         <input_file_ref idref="fl-4"/>
      </object_component>
      <object_component id="oc-99">
         <name>.data</name>
         <load_address>0x2000024c</load_address>
         <run_address>0x2000024c</run_address>
         <size>0x4</size>
         <input_file_ref idref="fl-4"/>
      </object_component>
      <object_component id="oc-96">
         <name>.data</name>
         <load_address>0x20000254</load_address>
         <run_address>0x20000254</run_address>
         <size>0x2</size>
         <input_file_ref idref="fl-a"/>
      </object_component>
      <object_component id="oc-d8">
         <name>.data</name>
         <load_address>0x20000244</load_address>
         <run_address>0x20000244</run_address>
         <size>0x8</size>
         <input_file_ref idref="fl-13b"/>
      </object_component>
      <object_component id="oc-76">
         <name>.data</name>
         <load_address>0x20000250</load_address>
         <run_address>0x20000250</run_address>
         <size>0x4</size>
         <input_file_ref idref="fl-13f"/>
      </object_component>
      <object_component id="oc-d5">
         <name>.data</name>
         <load_address>0x2000023c</load_address>
         <run_address>0x2000023c</run_address>
         <size>0x8</size>
         <input_file_ref idref="fl-140"/>
      </object_component>
      <object_component id="oc-38">
         <name>.debug_info</name>
         <load_address>0x0</load_address>
         <run_address>0x0</run_address>
         <size>0x13e</size>
         <input_file_ref idref="fl-2"/>
      </object_component>
      <object_component id="oc-10">
         <name>.debug_info</name>
         <load_address>0x13e</load_address>
         <run_address>0x13e</run_address>
         <size>0xe7</size>
         <input_file_ref idref="fl-2"/>
      </object_component>
      <object_component id="oc-2b">
         <name>.debug_info</name>
         <load_address>0x225</load_address>
         <run_address>0x225</run_address>
         <size>0x25b</size>
         <input_file_ref idref="fl-2"/>
      </object_component>
      <object_component id="oc-ac">
         <name>.debug_info</name>
         <load_address>0x480</load_address>
         <run_address>0x480</run_address>
         <size>0x84</size>
         <input_file_ref idref="fl-2"/>
      </object_component>
      <object_component id="oc-a0">
         <name>.debug_info</name>
         <load_address>0x504</load_address>
         <run_address>0x504</run_address>
         <size>0x18b</size>
         <input_file_ref idref="fl-2"/>
      </object_component>
      <object_component id="oc-149">
         <name>.debug_info</name>
         <load_address>0x68f</load_address>
         <run_address>0x68f</run_address>
         <size>0x209</size>
         <input_file_ref idref="fl-3"/>
      </object_component>
      <object_component id="oc-ce">
         <name>.debug_info</name>
         <load_address>0x898</load_address>
         <run_address>0x898</run_address>
         <size>0x15a</size>
         <input_file_ref idref="fl-3"/>
      </object_component>
      <object_component id="oc-174">
         <name>.debug_info</name>
         <load_address>0x9f2</load_address>
         <run_address>0x9f2</run_address>
         <size>0x48</size>
         <input_file_ref idref="fl-3"/>
      </object_component>
      <object_component id="oc-1b6">
         <name>.debug_info</name>
         <load_address>0xa3a</load_address>
         <run_address>0xa3a</run_address>
         <size>0x6c</size>
         <input_file_ref idref="fl-3"/>
      </object_component>
      <object_component id="oc-ea">
         <name>.debug_info</name>
         <load_address>0xaa6</load_address>
         <run_address>0xaa6</run_address>
         <size>0xa7</size>
         <input_file_ref idref="fl-3"/>
      </object_component>
      <object_component id="oc-a5">
         <name>.debug_info</name>
         <load_address>0xb4d</load_address>
         <run_address>0xb4d</run_address>
         <size>0x8b</size>
         <input_file_ref idref="fl-3"/>
      </object_component>
      <object_component id="oc-bc">
         <name>.debug_info</name>
         <load_address>0xbd8</load_address>
         <run_address>0xbd8</run_address>
         <size>0x2c</size>
         <input_file_ref idref="fl-3"/>
      </object_component>
      <object_component id="oc-189">
         <name>.debug_info</name>
         <load_address>0xc04</load_address>
         <run_address>0xc04</run_address>
         <size>0x68</size>
         <input_file_ref idref="fl-3"/>
      </object_component>
      <object_component id="oc-107">
         <name>.debug_info</name>
         <load_address>0xc6c</load_address>
         <run_address>0xc6c</run_address>
         <size>0x1a3</size>
         <input_file_ref idref="fl-4"/>
      </object_component>
      <object_component id="oc-9d">
         <name>.debug_info</name>
         <load_address>0xe0f</load_address>
         <run_address>0xe0f</run_address>
         <size>0xe5</size>
         <input_file_ref idref="fl-4"/>
      </object_component>
      <object_component id="oc-9a">
         <name>.debug_info</name>
         <load_address>0xef4</load_address>
         <run_address>0xef4</run_address>
         <size>0xef</size>
         <input_file_ref idref="fl-4"/>
      </object_component>
      <object_component id="oc-14b">
         <name>.debug_info</name>
         <load_address>0xfe3</load_address>
         <run_address>0xfe3</run_address>
         <size>0x16a</size>
         <input_file_ref idref="fl-5"/>
      </object_component>
      <object_component id="oc-f5">
         <name>.debug_info</name>
         <load_address>0x114d</load_address>
         <run_address>0x114d</run_address>
         <size>0x14c</size>
         <input_file_ref idref="fl-5"/>
      </object_component>
      <object_component id="oc-14d">
         <name>.debug_info</name>
         <load_address>0x1299</load_address>
         <run_address>0x1299</run_address>
         <size>0x196</size>
         <input_file_ref idref="fl-6"/>
      </object_component>
      <object_component id="oc-fa">
         <name>.debug_info</name>
         <load_address>0x142f</load_address>
         <run_address>0x142f</run_address>
         <size>0x1ae</size>
         <input_file_ref idref="fl-6"/>
      </object_component>
      <object_component id="oc-14f">
         <name>.debug_info</name>
         <load_address>0x15dd</load_address>
         <run_address>0x15dd</run_address>
         <size>0x196</size>
         <input_file_ref idref="fl-7"/>
      </object_component>
      <object_component id="oc-100">
         <name>.debug_info</name>
         <load_address>0x1773</load_address>
         <run_address>0x1773</run_address>
         <size>0x1ae</size>
         <input_file_ref idref="fl-7"/>
      </object_component>
      <object_component id="oc-94">
         <name>.debug_info</name>
         <load_address>0x1921</load_address>
         <run_address>0x1921</run_address>
         <size>0x2d9</size>
         <input_file_ref idref="fl-8"/>
      </object_component>
      <object_component id="oc-31">
         <name>.debug_info</name>
         <load_address>0x1bfa</load_address>
         <run_address>0x1bfa</run_address>
         <size>0x732</size>
         <input_file_ref idref="fl-8"/>
      </object_component>
      <object_component id="oc-11d">
         <name>.debug_info</name>
         <load_address>0x232c</load_address>
         <run_address>0x232c</run_address>
         <size>0x23e</size>
         <input_file_ref idref="fl-9"/>
      </object_component>
      <object_component id="oc-18f">
         <name>.debug_info</name>
         <load_address>0x256a</load_address>
         <run_address>0x256a</run_address>
         <size>0x194</size>
         <input_file_ref idref="fl-a"/>
      </object_component>
      <object_component id="oc-97">
         <name>.debug_info</name>
         <load_address>0x26fe</load_address>
         <run_address>0x26fe</run_address>
         <size>0xe5</size>
         <input_file_ref idref="fl-a"/>
      </object_component>
      <object_component id="oc-12a">
         <name>.debug_info</name>
         <load_address>0x27e3</load_address>
         <run_address>0x27e3</run_address>
         <size>0x2d3</size>
         <input_file_ref idref="fl-a"/>
      </object_component>
      <object_component id="oc-1b3">
         <name>.debug_info</name>
         <load_address>0x2ab6</load_address>
         <run_address>0x2ab6</run_address>
         <size>0x206</size>
         <input_file_ref idref="fl-b"/>
      </object_component>
      <object_component id="oc-186">
         <name>.debug_info</name>
         <load_address>0x2cbc</load_address>
         <run_address>0x2cbc</run_address>
         <size>0xee</size>
         <input_file_ref idref="fl-b"/>
      </object_component>
      <object_component id="oc-123">
         <name>.debug_info</name>
         <load_address>0x2daa</load_address>
         <run_address>0x2daa</run_address>
         <size>0x1ef</size>
         <input_file_ref idref="fl-b"/>
      </object_component>
      <object_component id="oc-1ad">
         <name>.debug_info</name>
         <load_address>0x2f99</load_address>
         <run_address>0x2f99</run_address>
         <size>0x230</size>
         <input_file_ref idref="fl-11"/>
      </object_component>
      <object_component id="oc-182">
         <name>.debug_info</name>
         <load_address>0x31c9</load_address>
         <run_address>0x31c9</run_address>
         <size>0x2a3</size>
         <input_file_ref idref="fl-11"/>
      </object_component>
      <object_component id="oc-1a8">
         <name>.debug_info</name>
         <load_address>0x346c</load_address>
         <run_address>0x346c</run_address>
         <size>0x2b3</size>
         <input_file_ref idref="fl-11"/>
      </object_component>
      <object_component id="oc-16a">
         <name>.debug_info</name>
         <load_address>0x371f</load_address>
         <run_address>0x371f</run_address>
         <size>0x316</size>
         <input_file_ref idref="fl-11"/>
      </object_component>
      <object_component id="oc-17c">
         <name>.debug_info</name>
         <load_address>0x3a35</load_address>
         <run_address>0x3a35</run_address>
         <size>0x2b7</size>
         <input_file_ref idref="fl-11"/>
      </object_component>
      <object_component id="oc-164">
         <name>.debug_info</name>
         <load_address>0x3cec</load_address>
         <run_address>0x3cec</run_address>
         <size>0x285</size>
         <input_file_ref idref="fl-11"/>
      </object_component>
      <object_component id="oc-170">
         <name>.debug_info</name>
         <load_address>0x3f71</load_address>
         <run_address>0x3f71</run_address>
         <size>0x27b</size>
         <input_file_ref idref="fl-11"/>
      </object_component>
      <object_component id="oc-146">
         <name>.debug_info</name>
         <load_address>0x41ec</load_address>
         <run_address>0x41ec</run_address>
         <size>0x27f</size>
         <input_file_ref idref="fl-13"/>
      </object_component>
      <object_component id="oc-e1">
         <name>.debug_info</name>
         <load_address>0x446b</load_address>
         <run_address>0x446b</run_address>
         <size>0x14d</size>
         <input_file_ref idref="fl-13"/>
      </object_component>
      <object_component id="oc-15c">
         <name>.debug_info</name>
         <load_address>0x45b8</load_address>
         <run_address>0x45b8</run_address>
         <size>0x27d</size>
         <input_file_ref idref="fl-13"/>
      </object_component>
      <object_component id="oc-118">
         <name>.debug_info</name>
         <load_address>0x4835</load_address>
         <run_address>0x4835</run_address>
         <size>0x2db</size>
         <input_file_ref idref="fl-13"/>
      </object_component>
      <object_component id="oc-7d">
         <name>.debug_info</name>
         <load_address>0x4b10</load_address>
         <run_address>0x4b10</run_address>
         <size>0x2b5</size>
         <input_file_ref idref="fl-13"/>
      </object_component>
      <object_component id="oc-197">
         <name>.debug_info</name>
         <load_address>0x4dc5</load_address>
         <run_address>0x4dc5</run_address>
         <size>0x5f</size>
         <input_file_ref idref="fl-13"/>
      </object_component>
      <object_component id="oc-e5">
         <name>.debug_info</name>
         <load_address>0x4e24</load_address>
         <run_address>0x4e24</run_address>
         <size>0x19d</size>
         <input_file_ref idref="fl-14"/>
      </object_component>
      <object_component id="oc-82">
         <name>.debug_info</name>
         <load_address>0x4fc1</load_address>
         <run_address>0x4fc1</run_address>
         <size>0x261</size>
         <input_file_ref idref="fl-14"/>
      </object_component>
      <object_component id="oc-8f">
         <name>.debug_info</name>
         <load_address>0x5222</load_address>
         <run_address>0x5222</run_address>
         <size>0x227</size>
         <input_file_ref idref="fl-14"/>
      </object_component>
      <object_component id="oc-88">
         <name>.debug_info</name>
         <load_address>0x5449</load_address>
         <run_address>0x5449</run_address>
         <size>0x221</size>
         <input_file_ref idref="fl-14"/>
      </object_component>
      <object_component id="oc-25">
         <name>.debug_info</name>
         <load_address>0x566a</load_address>
         <run_address>0x566a</run_address>
         <size>0x138</size>
         <input_file_ref idref="fl-137"/>
      </object_component>
      <object_component id="oc-44">
         <name>.debug_info</name>
         <load_address>0x57a2</load_address>
         <run_address>0x57a2</run_address>
         <size>0x123</size>
         <input_file_ref idref="fl-138"/>
      </object_component>
      <object_component id="oc-13">
         <name>.debug_info</name>
         <load_address>0x58c5</load_address>
         <run_address>0x58c5</run_address>
         <size>0x1c2</size>
         <input_file_ref idref="fl-138"/>
      </object_component>
      <object_component id="oc-3f">
         <name>.debug_info</name>
         <load_address>0x5a87</load_address>
         <run_address>0x5a87</run_address>
         <size>0x46</size>
         <input_file_ref idref="fl-138"/>
      </object_component>
      <object_component id="oc-b2">
         <name>.debug_info</name>
         <load_address>0x5acd</load_address>
         <run_address>0x5acd</run_address>
         <size>0x2c</size>
         <input_file_ref idref="fl-138"/>
      </object_component>
      <object_component id="oc-4c">
         <name>.debug_info</name>
         <load_address>0x5af9</load_address>
         <run_address>0x5af9</run_address>
         <size>0x117</size>
         <input_file_ref idref="fl-139"/>
      </object_component>
      <object_component id="oc-46">
         <name>.debug_info</name>
         <load_address>0x5c10</load_address>
         <run_address>0x5c10</run_address>
         <size>0x22a</size>
         <input_file_ref idref="fl-139"/>
      </object_component>
      <object_component id="oc-19">
         <name>.debug_info</name>
         <load_address>0x5e3a</load_address>
         <run_address>0x5e3a</run_address>
         <size>0x1bc</size>
         <input_file_ref idref="fl-139"/>
      </object_component>
      <object_component id="oc-4d">
         <name>.debug_info</name>
         <load_address>0x5ff6</load_address>
         <run_address>0x5ff6</run_address>
         <size>0x39</size>
         <input_file_ref idref="fl-139"/>
      </object_component>
      <object_component id="oc-5d">
         <name>.debug_info</name>
         <load_address>0x602f</load_address>
         <run_address>0x602f</run_address>
         <size>0x112</size>
         <input_file_ref idref="fl-13a"/>
      </object_component>
      <object_component id="oc-1f">
         <name>.debug_info</name>
         <load_address>0x6141</load_address>
         <run_address>0x6141</run_address>
         <size>0x18d</size>
         <input_file_ref idref="fl-13a"/>
      </object_component>
      <object_component id="oc-58">
         <name>.debug_info</name>
         <load_address>0x62ce</load_address>
         <run_address>0x62ce</run_address>
         <size>0x46</size>
         <input_file_ref idref="fl-13a"/>
      </object_component>
      <object_component id="oc-dc">
         <name>.debug_info</name>
         <load_address>0x6314</load_address>
         <run_address>0x6314</run_address>
         <size>0x174</size>
         <input_file_ref idref="fl-13b"/>
      </object_component>
      <object_component id="oc-d9">
         <name>.debug_info</name>
         <load_address>0x6488</load_address>
         <run_address>0x6488</run_address>
         <size>0x119</size>
         <input_file_ref idref="fl-13b"/>
      </object_component>
      <object_component id="oc-73">
         <name>.debug_info</name>
         <load_address>0x65a1</load_address>
         <run_address>0x65a1</run_address>
         <size>0x1f0</size>
         <input_file_ref idref="fl-13b"/>
      </object_component>
      <object_component id="oc-3a">
         <name>.debug_info</name>
         <load_address>0x6791</load_address>
         <run_address>0x6791</run_address>
         <size>0xfa</size>
         <input_file_ref idref="fl-13c"/>
      </object_component>
      <object_component id="oc-54">
         <name>.debug_info</name>
         <load_address>0x688b</load_address>
         <run_address>0x688b</run_address>
         <size>0x12a</size>
         <input_file_ref idref="fl-13d"/>
      </object_component>
      <object_component id="oc-5f">
         <name>.debug_info</name>
         <load_address>0x69b5</load_address>
         <run_address>0x69b5</run_address>
         <size>0x12b</size>
         <input_file_ref idref="fl-13e"/>
      </object_component>
      <object_component id="oc-77">
         <name>.debug_info</name>
         <load_address>0x6ae0</load_address>
         <run_address>0x6ae0</run_address>
         <size>0xec</size>
         <input_file_ref idref="fl-13f"/>
      </object_component>
      <object_component id="oc-13e">
         <name>.debug_info</name>
         <load_address>0x6bcc</load_address>
         <run_address>0x6bcc</run_address>
         <size>0x107</size>
         <input_file_ref idref="fl-140"/>
      </object_component>
      <object_component id="oc-d6">
         <name>.debug_info</name>
         <load_address>0x6cd3</load_address>
         <run_address>0x6cd3</run_address>
         <size>0xf6</size>
         <input_file_ref idref="fl-140"/>
      </object_component>
      <object_component id="oc-139">
         <name>.debug_info</name>
         <load_address>0x6dc9</load_address>
         <run_address>0x6dc9</run_address>
         <size>0x202</size>
         <input_file_ref idref="fl-140"/>
      </object_component>
      <object_component id="oc-d4">
         <name>.debug_info</name>
         <load_address>0x6fcb</load_address>
         <run_address>0x6fcb</run_address>
         <size>0x149</size>
         <input_file_ref idref="fl-141"/>
      </object_component>
      <object_component id="oc-6c">
         <name>.debug_info</name>
         <load_address>0x7114</load_address>
         <run_address>0x7114</run_address>
         <size>0x14a</size>
         <input_file_ref idref="fl-141"/>
      </object_component>
      <object_component id="oc-131">
         <name>.debug_info</name>
         <load_address>0x725e</load_address>
         <run_address>0x725e</run_address>
         <size>0x5e</size>
         <input_file_ref idref="fl-141"/>
      </object_component>
      <object_component id="oc-cc">
         <name>.debug_info</name>
         <load_address>0x72bc</load_address>
         <run_address>0x72bc</run_address>
         <size>0x2a0</size>
         <input_file_ref idref="fl-142"/>
      </object_component>
      <object_component id="oc-65">
         <name>.debug_info</name>
         <load_address>0x755c</load_address>
         <run_address>0x755c</run_address>
         <size>0x15a</size>
         <input_file_ref idref="fl-142"/>
      </object_component>
      <object_component id="oc-10c">
         <name>.debug_info</name>
         <load_address>0x76b6</load_address>
         <run_address>0x76b6</run_address>
         <size>0x39</size>
         <input_file_ref idref="fl-142"/>
      </object_component>
      <object_component id="oc-111">
         <name>.debug_info</name>
         <load_address>0x76ef</load_address>
         <run_address>0x76ef</run_address>
         <size>0xcd</size>
         <input_file_ref idref="fl-142"/>
      </object_component>
      <object_component id="oc-109">
         <name>.debug_info</name>
         <load_address>0x77bc</load_address>
         <run_address>0x77bc</run_address>
         <size>0x1c3</size>
         <input_file_ref idref="fl-143"/>
      </object_component>
      <object_component id="oc-c9">
         <name>.debug_info</name>
         <load_address>0x797f</load_address>
         <run_address>0x797f</run_address>
         <size>0x17f</size>
         <input_file_ref idref="fl-143"/>
      </object_component>
      <object_component id="oc-154">
         <name>.debug_info</name>
         <load_address>0x7afe</load_address>
         <run_address>0x7afe</run_address>
         <size>0x2c</size>
         <input_file_ref idref="fl-143"/>
      </object_component>
      <object_component id="oc-1e6">
         <name>.debug_info</name>
         <load_address>0x7b2a</load_address>
         <run_address>0x7b2a</run_address>
         <size>0xa2</size>
      </object_component>
      <object_component id="oc-ab">
         <name>.debug_line</name>
         <load_address>0x0</load_address>
         <run_address>0x0</run_address>
         <size>0x40</size>
         <input_file_ref idref="fl-2"/>
      </object_component>
      <object_component id="oc-37">
         <name>.debug_line</name>
         <load_address>0x40</load_address>
         <run_address>0x40</run_address>
         <size>0x40</size>
         <input_file_ref idref="fl-2"/>
      </object_component>
      <object_component id="oc-2e">
         <name>.debug_line</name>
         <load_address>0x80</load_address>
         <run_address>0x80</run_address>
         <size>0xa0</size>
         <input_file_ref idref="fl-2"/>
      </object_component>
      <object_component id="oc-af">
         <name>.debug_line</name>
         <load_address>0x120</load_address>
         <run_address>0x120</run_address>
         <size>0x20</size>
         <input_file_ref idref="fl-2"/>
      </object_component>
      <object_component id="oc-a3">
         <name>.debug_line</name>
         <load_address>0x140</load_address>
         <run_address>0x140</run_address>
         <size>0x60</size>
         <input_file_ref idref="fl-2"/>
      </object_component>
      <object_component id="oc-19d">
         <name>.debug_line</name>
         <load_address>0x1a0</load_address>
         <run_address>0x1a0</run_address>
         <size>0xcf</size>
         <input_file_ref idref="fl-3"/>
      </object_component>
      <object_component id="oc-d1">
         <name>.debug_line</name>
         <load_address>0x26f</load_address>
         <run_address>0x26f</run_address>
         <size>0x50</size>
         <input_file_ref idref="fl-3"/>
      </object_component>
      <object_component id="oc-177">
         <name>.debug_line</name>
         <load_address>0x2bf</load_address>
         <run_address>0x2bf</run_address>
         <size>0x36</size>
         <input_file_ref idref="fl-3"/>
      </object_component>
      <object_component id="oc-1b9">
         <name>.debug_line</name>
         <load_address>0x2f5</load_address>
         <run_address>0x2f5</run_address>
         <size>0x3a</size>
         <input_file_ref idref="fl-3"/>
      </object_component>
      <object_component id="oc-ed">
         <name>.debug_line</name>
         <load_address>0x32f</load_address>
         <run_address>0x32f</run_address>
         <size>0x57</size>
         <input_file_ref idref="fl-3"/>
      </object_component>
      <object_component id="oc-a8">
         <name>.debug_line</name>
         <load_address>0x386</load_address>
         <run_address>0x386</run_address>
         <size>0x20</size>
         <input_file_ref idref="fl-3"/>
      </object_component>
      <object_component id="oc-bf">
         <name>.debug_line</name>
         <load_address>0x3a6</load_address>
         <run_address>0x3a6</run_address>
         <size>0x60</size>
         <input_file_ref idref="fl-3"/>
      </object_component>
      <object_component id="oc-18c">
         <name>.debug_line</name>
         <load_address>0x406</load_address>
         <run_address>0x406</run_address>
         <size>0x30</size>
         <input_file_ref idref="fl-3"/>
      </object_component>
      <object_component id="oc-151">
         <name>.debug_line</name>
         <load_address>0x436</load_address>
         <run_address>0x436</run_address>
         <size>0x71</size>
         <input_file_ref idref="fl-4"/>
      </object_component>
      <object_component id="oc-106">
         <name>.debug_line</name>
         <load_address>0x4a7</load_address>
         <run_address>0x4a7</run_address>
         <size>0x32</size>
         <input_file_ref idref="fl-4"/>
      </object_component>
      <object_component id="oc-f2">
         <name>.debug_line</name>
         <load_address>0x4d9</load_address>
         <run_address>0x4d9</run_address>
         <size>0x32</size>
         <input_file_ref idref="fl-4"/>
      </object_component>
      <object_component id="oc-19f">
         <name>.debug_line</name>
         <load_address>0x50b</load_address>
         <run_address>0x50b</run_address>
         <size>0x42</size>
         <input_file_ref idref="fl-5"/>
      </object_component>
      <object_component id="oc-f4">
         <name>.debug_line</name>
         <load_address>0x54d</load_address>
         <run_address>0x54d</run_address>
         <size>0x48</size>
         <input_file_ref idref="fl-5"/>
      </object_component>
      <object_component id="oc-1a1">
         <name>.debug_line</name>
         <load_address>0x595</load_address>
         <run_address>0x595</run_address>
         <size>0x57</size>
         <input_file_ref idref="fl-6"/>
      </object_component>
      <object_component id="oc-fd">
         <name>.debug_line</name>
         <load_address>0x5ec</load_address>
         <run_address>0x5ec</run_address>
         <size>0x63</size>
         <input_file_ref idref="fl-6"/>
      </object_component>
      <object_component id="oc-1a3">
         <name>.debug_line</name>
         <load_address>0x64f</load_address>
         <run_address>0x64f</run_address>
         <size>0x57</size>
         <input_file_ref idref="fl-7"/>
      </object_component>
      <object_component id="oc-103">
         <name>.debug_line</name>
         <load_address>0x6a6</load_address>
         <run_address>0x6a6</run_address>
         <size>0x63</size>
         <input_file_ref idref="fl-7"/>
      </object_component>
      <object_component id="oc-e9">
         <name>.debug_line</name>
         <load_address>0x709</load_address>
         <run_address>0x709</run_address>
         <size>0x102</size>
         <input_file_ref idref="fl-8"/>
      </object_component>
      <object_component id="oc-34">
         <name>.debug_line</name>
         <load_address>0x80b</load_address>
         <run_address>0x80b</run_address>
         <size>0x145</size>
         <input_file_ref idref="fl-8"/>
      </object_component>
      <object_component id="oc-120">
         <name>.debug_line</name>
         <load_address>0x950</load_address>
         <run_address>0x950</run_address>
         <size>0x8a</size>
         <input_file_ref idref="fl-9"/>
      </object_component>
      <object_component id="oc-1b5">
         <name>.debug_line</name>
         <load_address>0x9da</load_address>
         <run_address>0x9da</run_address>
         <size>0x56</size>
         <input_file_ref idref="fl-a"/>
      </object_component>
      <object_component id="oc-f0">
         <name>.debug_line</name>
         <load_address>0xa30</load_address>
         <run_address>0xa30</run_address>
         <size>0x3a</size>
         <input_file_ref idref="fl-a"/>
      </object_component>
      <object_component id="oc-129">
         <name>.debug_line</name>
         <load_address>0xa6a</load_address>
         <run_address>0xa6a</run_address>
         <size>0xb3</size>
         <input_file_ref idref="fl-a"/>
      </object_component>
      <object_component id="oc-1bf">
         <name>.debug_line</name>
         <load_address>0xb1d</load_address>
         <run_address>0xb1d</run_address>
         <size>0x8e</size>
         <input_file_ref idref="fl-b"/>
      </object_component>
      <object_component id="oc-1b2">
         <name>.debug_line</name>
         <load_address>0xbab</load_address>
         <run_address>0xbab</run_address>
         <size>0x30</size>
         <input_file_ref idref="fl-b"/>
      </object_component>
      <object_component id="oc-126">
         <name>.debug_line</name>
         <load_address>0xbdb</load_address>
         <run_address>0xbdb</run_address>
         <size>0x66</size>
         <input_file_ref idref="fl-b"/>
      </object_component>
      <object_component id="oc-1bd">
         <name>.debug_line</name>
         <load_address>0xc41</load_address>
         <run_address>0xc41</run_address>
         <size>0x82</size>
         <input_file_ref idref="fl-11"/>
      </object_component>
      <object_component id="oc-184">
         <name>.debug_line</name>
         <load_address>0xcc3</load_address>
         <run_address>0xcc3</run_address>
         <size>0x92</size>
         <input_file_ref idref="fl-11"/>
      </object_component>
      <object_component id="oc-1aa">
         <name>.debug_line</name>
         <load_address>0xd55</load_address>
         <run_address>0xd55</run_address>
         <size>0x95</size>
         <input_file_ref idref="fl-11"/>
      </object_component>
      <object_component id="oc-16c">
         <name>.debug_line</name>
         <load_address>0xdea</load_address>
         <run_address>0xdea</run_address>
         <size>0xd1</size>
         <input_file_ref idref="fl-11"/>
      </object_component>
      <object_component id="oc-17e">
         <name>.debug_line</name>
         <load_address>0xebb</load_address>
         <run_address>0xebb</run_address>
         <size>0x99</size>
         <input_file_ref idref="fl-11"/>
      </object_component>
      <object_component id="oc-166">
         <name>.debug_line</name>
         <load_address>0xf54</load_address>
         <run_address>0xf54</run_address>
         <size>0x93</size>
         <input_file_ref idref="fl-11"/>
      </object_component>
      <object_component id="oc-172">
         <name>.debug_line</name>
         <load_address>0xfe7</load_address>
         <run_address>0xfe7</run_address>
         <size>0x92</size>
         <input_file_ref idref="fl-11"/>
      </object_component>
      <object_component id="oc-196">
         <name>.debug_line</name>
         <load_address>0x1079</load_address>
         <run_address>0x1079</run_address>
         <size>0x13d</size>
         <input_file_ref idref="fl-13"/>
      </object_component>
      <object_component id="oc-145">
         <name>.debug_line</name>
         <load_address>0x11b6</load_address>
         <run_address>0x11b6</run_address>
         <size>0x7f</size>
         <input_file_ref idref="fl-13"/>
      </object_component>
      <object_component id="oc-15f">
         <name>.debug_line</name>
         <load_address>0x1235</load_address>
         <run_address>0x1235</run_address>
         <size>0x94</size>
         <input_file_ref idref="fl-13"/>
      </object_component>
      <object_component id="oc-117">
         <name>.debug_line</name>
         <load_address>0x12c9</load_address>
         <run_address>0x12c9</run_address>
         <size>0xee</size>
         <input_file_ref idref="fl-13"/>
      </object_component>
      <object_component id="oc-7c">
         <name>.debug_line</name>
         <load_address>0x13b7</load_address>
         <run_address>0x13b7</run_address>
         <size>0x11a</size>
         <input_file_ref idref="fl-13"/>
      </object_component>
      <object_component id="oc-19a">
         <name>.debug_line</name>
         <load_address>0x14d1</load_address>
         <run_address>0x14d1</run_address>
         <size>0x7f</size>
         <input_file_ref idref="fl-13"/>
      </object_component>
      <object_component id="oc-148">
         <name>.debug_line</name>
         <load_address>0x1550</load_address>
         <run_address>0x1550</run_address>
         <size>0x82</size>
         <input_file_ref idref="fl-14"/>
      </object_component>
      <object_component id="oc-85">
         <name>.debug_line</name>
         <load_address>0x15d2</load_address>
         <run_address>0x15d2</run_address>
         <size>0x95</size>
         <input_file_ref idref="fl-14"/>
      </object_component>
      <object_component id="oc-8e">
         <name>.debug_line</name>
         <load_address>0x1667</load_address>
         <run_address>0x1667</run_address>
         <size>0x95</size>
         <input_file_ref idref="fl-14"/>
      </object_component>
      <object_component id="oc-8b">
         <name>.debug_line</name>
         <load_address>0x16fc</load_address>
         <run_address>0x16fc</run_address>
         <size>0x92</size>
         <input_file_ref idref="fl-14"/>
      </object_component>
      <object_component id="oc-28">
         <name>.debug_line</name>
         <load_address>0x178e</load_address>
         <run_address>0x178e</run_address>
         <size>0x52</size>
         <input_file_ref idref="fl-137"/>
      </object_component>
      <object_component id="oc-b8">
         <name>.debug_line</name>
         <load_address>0x17e0</load_address>
         <run_address>0x17e0</run_address>
         <size>0x72</size>
         <input_file_ref idref="fl-138"/>
      </object_component>
      <object_component id="oc-17">
         <name>.debug_line</name>
         <load_address>0x1852</load_address>
         <run_address>0x1852</run_address>
         <size>0x55</size>
         <input_file_ref idref="fl-138"/>
      </object_component>
      <object_component id="oc-42">
         <name>.debug_line</name>
         <load_address>0x18a7</load_address>
         <run_address>0x18a7</run_address>
         <size>0x3a</size>
         <input_file_ref idref="fl-138"/>
      </object_component>
      <object_component id="oc-b5">
         <name>.debug_line</name>
         <load_address>0x18e1</load_address>
         <run_address>0x18e1</run_address>
         <size>0x72</size>
         <input_file_ref idref="fl-138"/>
      </object_component>
      <object_component id="oc-bb">
         <name>.debug_line</name>
         <load_address>0x1953</load_address>
         <run_address>0x1953</run_address>
         <size>0x72</size>
         <input_file_ref idref="fl-139"/>
      </object_component>
      <object_component id="oc-49">
         <name>.debug_line</name>
         <load_address>0x19c5</load_address>
         <run_address>0x19c5</run_address>
         <size>0x98</size>
         <input_file_ref idref="fl-139"/>
      </object_component>
      <object_component id="oc-1c">
         <name>.debug_line</name>
         <load_address>0x1a5d</load_address>
         <run_address>0x1a5d</run_address>
         <size>0x4b</size>
         <input_file_ref idref="fl-139"/>
      </object_component>
      <object_component id="oc-50">
         <name>.debug_line</name>
         <load_address>0x1aa8</load_address>
         <run_address>0x1aa8</run_address>
         <size>0x39</size>
         <input_file_ref idref="fl-139"/>
      </object_component>
      <object_component id="oc-c3">
         <name>.debug_line</name>
         <load_address>0x1ae1</load_address>
         <run_address>0x1ae1</run_address>
         <size>0x72</size>
         <input_file_ref idref="fl-13a"/>
      </object_component>
      <object_component id="oc-22">
         <name>.debug_line</name>
         <load_address>0x1b53</load_address>
         <run_address>0x1b53</run_address>
         <size>0x4f</size>
         <input_file_ref idref="fl-13a"/>
      </object_component>
      <object_component id="oc-5b">
         <name>.debug_line</name>
         <load_address>0x1ba2</load_address>
         <run_address>0x1ba2</run_address>
         <size>0x34</size>
         <input_file_ref idref="fl-13a"/>
      </object_component>
      <object_component id="oc-143">
         <name>.debug_line</name>
         <load_address>0x1bd6</load_address>
         <run_address>0x1bd6</run_address>
         <size>0x71</size>
         <input_file_ref idref="fl-13b"/>
      </object_component>
      <object_component id="oc-141">
         <name>.debug_line</name>
         <load_address>0x1c47</load_address>
         <run_address>0x1c47</run_address>
         <size>0x2a</size>
         <input_file_ref idref="fl-13b"/>
      </object_component>
      <object_component id="oc-71">
         <name>.debug_line</name>
         <load_address>0x1c71</load_address>
         <run_address>0x1c71</run_address>
         <size>0x7a</size>
         <input_file_ref idref="fl-13b"/>
      </object_component>
      <object_component id="oc-3d">
         <name>.debug_line</name>
         <load_address>0x1ceb</load_address>
         <run_address>0x1ceb</run_address>
         <size>0x88</size>
         <input_file_ref idref="fl-13c"/>
      </object_component>
      <object_component id="oc-53">
         <name>.debug_line</name>
         <load_address>0x1d73</load_address>
         <run_address>0x1d73</run_address>
         <size>0x79</size>
         <input_file_ref idref="fl-13d"/>
      </object_component>
      <object_component id="oc-63">
         <name>.debug_line</name>
         <load_address>0x1dec</load_address>
         <run_address>0x1dec</run_address>
         <size>0x40</size>
         <input_file_ref idref="fl-13e"/>
      </object_component>
      <object_component id="oc-df">
         <name>.debug_line</name>
         <load_address>0x1e2c</load_address>
         <run_address>0x1e2c</run_address>
         <size>0x33</size>
         <input_file_ref idref="fl-13f"/>
      </object_component>
      <object_component id="oc-194">
         <name>.debug_line</name>
         <load_address>0x1e5f</load_address>
         <run_address>0x1e5f</run_address>
         <size>0x20</size>
         <input_file_ref idref="fl-140"/>
      </object_component>
      <object_component id="oc-13d">
         <name>.debug_line</name>
         <load_address>0x1e7f</load_address>
         <run_address>0x1e7f</run_address>
         <size>0x2b</size>
         <input_file_ref idref="fl-140"/>
      </object_component>
      <object_component id="oc-138">
         <name>.debug_line</name>
         <load_address>0x1eaa</load_address>
         <run_address>0x1eaa</run_address>
         <size>0x68</size>
         <input_file_ref idref="fl-140"/>
      </object_component>
      <object_component id="oc-130">
         <name>.debug_line</name>
         <load_address>0x1f12</load_address>
         <run_address>0x1f12</run_address>
         <size>0x2b</size>
         <input_file_ref idref="fl-141"/>
      </object_component>
      <object_component id="oc-6e">
         <name>.debug_line</name>
         <load_address>0x1f3d</load_address>
         <run_address>0x1f3d</run_address>
         <size>0x50</size>
         <input_file_ref idref="fl-141"/>
      </object_component>
      <object_component id="oc-134">
         <name>.debug_line</name>
         <load_address>0x1f8d</load_address>
         <run_address>0x1f8d</run_address>
         <size>0x2b</size>
         <input_file_ref idref="fl-141"/>
      </object_component>
      <object_component id="oc-10b">
         <name>.debug_line</name>
         <load_address>0x1fb8</load_address>
         <run_address>0x1fb8</run_address>
         <size>0x81</size>
         <input_file_ref idref="fl-142"/>
      </object_component>
      <object_component id="oc-68">
         <name>.debug_line</name>
         <load_address>0x2039</load_address>
         <run_address>0x2039</run_address>
         <size>0x79</size>
         <input_file_ref idref="fl-142"/>
      </object_component>
      <object_component id="oc-10f">
         <name>.debug_line</name>
         <load_address>0x20b2</load_address>
         <run_address>0x20b2</run_address>
         <size>0x2e</size>
         <input_file_ref idref="fl-142"/>
      </object_component>
      <object_component id="oc-114">
         <name>.debug_line</name>
         <load_address>0x20e0</load_address>
         <run_address>0x20e0</run_address>
         <size>0x73</size>
         <input_file_ref idref="fl-142"/>
      </object_component>
      <object_component id="oc-153">
         <name>.debug_line</name>
         <load_address>0x2153</load_address>
         <run_address>0x2153</run_address>
         <size>0x80</size>
         <input_file_ref idref="fl-143"/>
      </object_component>
      <object_component id="oc-c7">
         <name>.debug_line</name>
         <load_address>0x21d3</load_address>
         <run_address>0x21d3</run_address>
         <size>0x68</size>
         <input_file_ref idref="fl-143"/>
      </object_component>
      <object_component id="oc-157">
         <name>.debug_line</name>
         <load_address>0x223b</load_address>
         <run_address>0x223b</run_address>
         <size>0x2e</size>
         <input_file_ref idref="fl-143"/>
      </object_component>
      <object_component id="oc-2f">
         <name>.debug_frame</name>
         <load_address>0x0</load_address>
         <run_address>0x0</run_address>
         <size>0xb2</size>
         <input_file_ref idref="fl-2"/>
      </object_component>
      <object_component id="oc-d2">
         <name>.debug_frame</name>
         <load_address>0xb2</load_address>
         <run_address>0xb2</run_address>
         <size>0x86</size>
         <input_file_ref idref="fl-3"/>
      </object_component>
      <object_component id="oc-f8">
         <name>.debug_frame</name>
         <load_address>0x138</load_address>
         <run_address>0x138</run_address>
         <size>0x86</size>
         <input_file_ref idref="fl-5"/>
      </object_component>
      <object_component id="oc-fe">
         <name>.debug_frame</name>
         <load_address>0x1be</load_address>
         <run_address>0x1be</run_address>
         <size>0x9e</size>
         <input_file_ref idref="fl-6"/>
      </object_component>
      <object_component id="oc-104">
         <name>.debug_frame</name>
         <load_address>0x25c</load_address>
         <run_address>0x25c</run_address>
         <size>0x9e</size>
         <input_file_ref idref="fl-7"/>
      </object_component>
      <object_component id="oc-35">
         <name>.debug_frame</name>
         <load_address>0x2fa</load_address>
         <run_address>0x2fa</run_address>
         <size>0x126</size>
         <input_file_ref idref="fl-8"/>
      </object_component>
      <object_component id="oc-121">
         <name>.debug_frame</name>
         <load_address>0x420</load_address>
         <run_address>0x420</run_address>
         <size>0x9e</size>
         <input_file_ref idref="fl-9"/>
      </object_component>
      <object_component id="oc-12d">
         <name>.debug_frame</name>
         <load_address>0x4be</load_address>
         <run_address>0x4be</run_address>
         <size>0xb7</size>
         <input_file_ref idref="fl-a"/>
      </object_component>
      <object_component id="oc-127">
         <name>.debug_frame</name>
         <load_address>0x575</load_address>
         <run_address>0x575</run_address>
         <size>0x9e</size>
         <input_file_ref idref="fl-b"/>
      </object_component>
      <object_component id="oc-181">
         <name>.debug_frame</name>
         <load_address>0x613</load_address>
         <run_address>0x613</run_address>
         <size>0x7f</size>
         <input_file_ref idref="fl-11"/>
      </object_component>
      <object_component id="oc-1a7">
         <name>.debug_frame</name>
         <load_address>0x692</load_address>
         <run_address>0x692</run_address>
         <size>0x7f</size>
         <input_file_ref idref="fl-11"/>
      </object_component>
      <object_component id="oc-169">
         <name>.debug_frame</name>
         <load_address>0x711</load_address>
         <run_address>0x711</run_address>
         <size>0x8f</size>
         <input_file_ref idref="fl-11"/>
      </object_component>
      <object_component id="oc-17a">
         <name>.debug_frame</name>
         <load_address>0x7a0</load_address>
         <run_address>0x7a0</run_address>
         <size>0x8a</size>
         <input_file_ref idref="fl-11"/>
      </object_component>
      <object_component id="oc-162">
         <name>.debug_frame</name>
         <load_address>0x82a</load_address>
         <run_address>0x82a</run_address>
         <size>0x86</size>
         <input_file_ref idref="fl-11"/>
      </object_component>
      <object_component id="oc-16e">
         <name>.debug_frame</name>
         <load_address>0x8b0</load_address>
         <run_address>0x8b0</run_address>
         <size>0x7f</size>
         <input_file_ref idref="fl-11"/>
      </object_component>
      <object_component id="oc-160">
         <name>.debug_frame</name>
         <load_address>0x92f</load_address>
         <run_address>0x92f</run_address>
         <size>0x7f</size>
         <input_file_ref idref="fl-13"/>
      </object_component>
      <object_component id="oc-11b">
         <name>.debug_frame</name>
         <load_address>0x9ae</load_address>
         <run_address>0x9ae</run_address>
         <size>0x93</size>
         <input_file_ref idref="fl-13"/>
      </object_component>
      <object_component id="oc-80">
         <name>.debug_frame</name>
         <load_address>0xa41</load_address>
         <run_address>0xa41</run_address>
         <size>0x8e</size>
         <input_file_ref idref="fl-13"/>
      </object_component>
      <object_component id="oc-86">
         <name>.debug_frame</name>
         <load_address>0xacf</load_address>
         <run_address>0xacf</run_address>
         <size>0x7f</size>
         <input_file_ref idref="fl-14"/>
      </object_component>
      <object_component id="oc-92">
         <name>.debug_frame</name>
         <load_address>0xb4e</load_address>
         <run_address>0xb4e</run_address>
         <size>0x7f</size>
         <input_file_ref idref="fl-14"/>
      </object_component>
      <object_component id="oc-8c">
         <name>.debug_frame</name>
         <load_address>0xbcd</load_address>
         <run_address>0xbcd</run_address>
         <size>0x7f</size>
         <input_file_ref idref="fl-14"/>
      </object_component>
      <object_component id="oc-16">
         <name>.debug_frame</name>
         <load_address>0xc4c</load_address>
         <run_address>0xc4c</run_address>
         <size>0x7f</size>
         <input_file_ref idref="fl-138"/>
      </object_component>
      <object_component id="oc-4a">
         <name>.debug_frame</name>
         <load_address>0xccb</load_address>
         <run_address>0xccb</run_address>
         <size>0x8e</size>
         <input_file_ref idref="fl-139"/>
      </object_component>
      <object_component id="oc-1d">
         <name>.debug_frame</name>
         <load_address>0xd59</load_address>
         <run_address>0xd59</run_address>
         <size>0x7f</size>
         <input_file_ref idref="fl-139"/>
      </object_component>
      <object_component id="oc-23">
         <name>.debug_frame</name>
         <load_address>0xdd8</load_address>
         <run_address>0xdd8</run_address>
         <size>0x7f</size>
         <input_file_ref idref="fl-13a"/>
      </object_component>
      <object_component id="oc-72">
         <name>.debug_frame</name>
         <load_address>0xe57</load_address>
         <run_address>0xe57</run_address>
         <size>0xb3</size>
         <input_file_ref idref="fl-13b"/>
      </object_component>
      <object_component id="oc-62">
         <name>.debug_frame</name>
         <load_address>0xf0a</load_address>
         <run_address>0xf0a</run_address>
         <size>0x7f</size>
         <input_file_ref idref="fl-13e"/>
      </object_component>
      <object_component id="oc-137">
         <name>.debug_frame</name>
         <load_address>0xf89</load_address>
         <run_address>0xf89</run_address>
         <size>0xa1</size>
         <input_file_ref idref="fl-140"/>
      </object_component>
      <object_component id="oc-6f">
         <name>.debug_frame</name>
         <load_address>0x102a</load_address>
         <run_address>0x102a</run_address>
         <size>0x7f</size>
         <input_file_ref idref="fl-141"/>
      </object_component>
      <object_component id="oc-69">
         <name>.debug_frame</name>
         <load_address>0x10a9</load_address>
         <run_address>0x10a9</run_address>
         <size>0x8a</size>
         <input_file_ref idref="fl-142"/>
      </object_component>
      <object_component id="oc-c8">
         <name>.debug_frame</name>
         <load_address>0x1133</load_address>
         <run_address>0x1133</run_address>
         <size>0x8e</size>
         <input_file_ref idref="fl-143"/>
      </object_component>
      <object_component id="oc-aa">
         <name>.debug_abbrev</name>
         <load_address>0x0</load_address>
         <run_address>0x0</run_address>
         <size>0x71</size>
         <input_file_ref idref="fl-2"/>
      </object_component>
      <object_component id="oc-36">
         <name>.debug_abbrev</name>
         <load_address>0x71</load_address>
         <run_address>0x71</run_address>
         <size>0x29</size>
         <input_file_ref idref="fl-2"/>
      </object_component>
      <object_component id="oc-7a">
         <name>.debug_abbrev</name>
         <load_address>0x9a</load_address>
         <run_address>0x9a</run_address>
         <size>0x79</size>
         <input_file_ref idref="fl-2"/>
      </object_component>
      <object_component id="oc-ae">
         <name>.debug_abbrev</name>
         <load_address>0x113</load_address>
         <run_address>0x113</run_address>
         <size>0x1f</size>
         <input_file_ref idref="fl-2"/>
      </object_component>
      <object_component id="oc-a2">
         <name>.debug_abbrev</name>
         <load_address>0x132</load_address>
         <run_address>0x132</run_address>
         <size>0x35</size>
         <input_file_ref idref="fl-2"/>
      </object_component>
      <object_component id="oc-19c">
         <name>.debug_abbrev</name>
         <load_address>0x167</load_address>
         <run_address>0x167</run_address>
         <size>0xa9</size>
         <input_file_ref idref="fl-3"/>
      </object_component>
      <object_component id="oc-12e">
         <name>.debug_abbrev</name>
         <load_address>0x210</load_address>
         <run_address>0x210</run_address>
         <size>0x54</size>
         <input_file_ref idref="fl-3"/>
      </object_component>
      <object_component id="oc-176">
         <name>.debug_abbrev</name>
         <load_address>0x264</load_address>
         <run_address>0x264</run_address>
         <size>0x42</size>
         <input_file_ref idref="fl-3"/>
      </object_component>
      <object_component id="oc-1b8">
         <name>.debug_abbrev</name>
         <load_address>0x2a6</load_address>
         <run_address>0x2a6</run_address>
         <size>0x42</size>
         <input_file_ref idref="fl-3"/>
      </object_component>
      <object_component id="oc-ec">
         <name>.debug_abbrev</name>
         <load_address>0x2e8</load_address>
         <run_address>0x2e8</run_address>
         <size>0x5a</size>
         <input_file_ref idref="fl-3"/>
      </object_component>
      <object_component id="oc-a7">
         <name>.debug_abbrev</name>
         <load_address>0x342</load_address>
         <run_address>0x342</run_address>
         <size>0x1f</size>
         <input_file_ref idref="fl-3"/>
      </object_component>
      <object_component id="oc-be">
         <name>.debug_abbrev</name>
         <load_address>0x361</load_address>
         <run_address>0x361</run_address>
         <size>0x24</size>
         <input_file_ref idref="fl-3"/>
      </object_component>
      <object_component id="oc-18b">
         <name>.debug_abbrev</name>
         <load_address>0x385</load_address>
         <run_address>0x385</run_address>
         <size>0x33</size>
         <input_file_ref idref="fl-3"/>
      </object_component>
      <object_component id="oc-150">
         <name>.debug_abbrev</name>
         <load_address>0x3b8</load_address>
         <run_address>0x3b8</run_address>
         <size>0x7f</size>
         <input_file_ref idref="fl-4"/>
      </object_component>
      <object_component id="oc-105">
         <name>.debug_abbrev</name>
         <load_address>0x437</load_address>
         <run_address>0x437</run_address>
         <size>0x29</size>
         <input_file_ref idref="fl-4"/>
      </object_component>
      <object_component id="oc-f1">
         <name>.debug_abbrev</name>
         <load_address>0x460</load_address>
         <run_address>0x460</run_address>
         <size>0x29</size>
         <input_file_ref idref="fl-4"/>
      </object_component>
      <object_component id="oc-19e">
         <name>.debug_abbrev</name>
         <load_address>0x489</load_address>
         <run_address>0x489</run_address>
         <size>0x7d</size>
         <input_file_ref idref="fl-5"/>
      </object_component>
      <object_component id="oc-14a">
         <name>.debug_abbrev</name>
         <load_address>0x506</load_address>
         <run_address>0x506</run_address>
         <size>0x7a</size>
         <input_file_ref idref="fl-5"/>
      </object_component>
      <object_component id="oc-1a0">
         <name>.debug_abbrev</name>
         <load_address>0x580</load_address>
         <run_address>0x580</run_address>
         <size>0x97</size>
         <input_file_ref idref="fl-6"/>
      </object_component>
      <object_component id="oc-14c">
         <name>.debug_abbrev</name>
         <load_address>0x617</load_address>
         <run_address>0x617</run_address>
         <size>0x7a</size>
         <input_file_ref idref="fl-6"/>
      </object_component>
      <object_component id="oc-1a2">
         <name>.debug_abbrev</name>
         <load_address>0x691</load_address>
         <run_address>0x691</run_address>
         <size>0x97</size>
         <input_file_ref idref="fl-7"/>
      </object_component>
      <object_component id="oc-14e">
         <name>.debug_abbrev</name>
         <load_address>0x728</load_address>
         <run_address>0x728</run_address>
         <size>0x7a</size>
         <input_file_ref idref="fl-7"/>
      </object_component>
      <object_component id="oc-e8">
         <name>.debug_abbrev</name>
         <load_address>0x7a2</load_address>
         <run_address>0x7a2</run_address>
         <size>0x100</size>
         <input_file_ref idref="fl-8"/>
      </object_component>
      <object_component id="oc-9f">
         <name>.debug_abbrev</name>
         <load_address>0x8a2</load_address>
         <run_address>0x8a2</run_address>
         <size>0xe7</size>
         <input_file_ref idref="fl-8"/>
      </object_component>
      <object_component id="oc-173">
         <name>.debug_abbrev</name>
         <load_address>0x989</load_address>
         <run_address>0x989</run_address>
         <size>0xa9</size>
         <input_file_ref idref="fl-9"/>
      </object_component>
      <object_component id="oc-1b4">
         <name>.debug_abbrev</name>
         <load_address>0xa32</load_address>
         <run_address>0xa32</run_address>
         <size>0x93</size>
         <input_file_ref idref="fl-a"/>
      </object_component>
      <object_component id="oc-ef">
         <name>.debug_abbrev</name>
         <load_address>0xac5</load_address>
         <run_address>0xac5</run_address>
         <size>0x29</size>
         <input_file_ref idref="fl-a"/>
      </object_component>
      <object_component id="oc-191">
         <name>.debug_abbrev</name>
         <load_address>0xaee</load_address>
         <run_address>0xaee</run_address>
         <size>0x7a</size>
         <input_file_ref idref="fl-a"/>
      </object_component>
      <object_component id="oc-1be">
         <name>.debug_abbrev</name>
         <load_address>0xb68</load_address>
         <run_address>0xb68</run_address>
         <size>0xa2</size>
         <input_file_ref idref="fl-b"/>
      </object_component>
      <object_component id="oc-1b1">
         <name>.debug_abbrev</name>
         <load_address>0xc0a</load_address>
         <run_address>0xc0a</run_address>
         <size>0x29</size>
         <input_file_ref idref="fl-b"/>
      </object_component>
      <object_component id="oc-188">
         <name>.debug_abbrev</name>
         <load_address>0xc33</load_address>
         <run_address>0xc33</run_address>
         <size>0x7a</size>
         <input_file_ref idref="fl-b"/>
      </object_component>
      <object_component id="oc-1bc">
         <name>.debug_abbrev</name>
         <load_address>0xcad</load_address>
         <run_address>0xcad</run_address>
         <size>0x72</size>
         <input_file_ref idref="fl-11"/>
      </object_component>
      <object_component id="oc-1b0">
         <name>.debug_abbrev</name>
         <load_address>0xd1f</load_address>
         <run_address>0xd1f</run_address>
         <size>0x6c</size>
         <input_file_ref idref="fl-11"/>
      </object_component>
      <object_component id="oc-1bb">
         <name>.debug_abbrev</name>
         <load_address>0xd8b</load_address>
         <run_address>0xd8b</run_address>
         <size>0x6c</size>
         <input_file_ref idref="fl-11"/>
      </object_component>
      <object_component id="oc-1ac">
         <name>.debug_abbrev</name>
         <load_address>0xdf7</load_address>
         <run_address>0xdf7</run_address>
         <size>0x6c</size>
         <input_file_ref idref="fl-11"/>
      </object_component>
      <object_component id="oc-1af">
         <name>.debug_abbrev</name>
         <load_address>0xe63</load_address>
         <run_address>0xe63</run_address>
         <size>0x7a</size>
         <input_file_ref idref="fl-11"/>
      </object_component>
      <object_component id="oc-1ab">
         <name>.debug_abbrev</name>
         <load_address>0xedd</load_address>
         <run_address>0xedd</run_address>
         <size>0x6c</size>
         <input_file_ref idref="fl-11"/>
      </object_component>
      <object_component id="oc-1ae">
         <name>.debug_abbrev</name>
         <load_address>0xf49</load_address>
         <run_address>0xf49</run_address>
         <size>0x6e</size>
         <input_file_ref idref="fl-11"/>
      </object_component>
      <object_component id="oc-195">
         <name>.debug_abbrev</name>
         <load_address>0xfb7</load_address>
         <run_address>0xfb7</run_address>
         <size>0xb0</size>
         <input_file_ref idref="fl-13"/>
      </object_component>
      <object_component id="oc-144">
         <name>.debug_abbrev</name>
         <load_address>0x1067</load_address>
         <run_address>0x1067</run_address>
         <size>0x27</size>
         <input_file_ref idref="fl-13"/>
      </object_component>
      <object_component id="oc-1a4">
         <name>.debug_abbrev</name>
         <load_address>0x108e</load_address>
         <run_address>0x108e</run_address>
         <size>0x6c</size>
         <input_file_ref idref="fl-13"/>
      </object_component>
      <object_component id="oc-15a">
         <name>.debug_abbrev</name>
         <load_address>0x10fa</load_address>
         <run_address>0x10fa</run_address>
         <size>0x7a</size>
         <input_file_ref idref="fl-13"/>
      </object_component>
      <object_component id="oc-e3">
         <name>.debug_abbrev</name>
         <load_address>0x1174</load_address>
         <run_address>0x1174</run_address>
         <size>0x60</size>
         <input_file_ref idref="fl-13"/>
      </object_component>
      <object_component id="oc-199">
         <name>.debug_abbrev</name>
         <load_address>0x11d4</load_address>
         <run_address>0x11d4</run_address>
         <size>0x49</size>
         <input_file_ref idref="fl-13"/>
      </object_component>
      <object_component id="oc-147">
         <name>.debug_abbrev</name>
         <load_address>0x121d</load_address>
         <run_address>0x121d</run_address>
         <size>0x5e</size>
         <input_file_ref idref="fl-14"/>
      </object_component>
      <object_component id="oc-e4">
         <name>.debug_abbrev</name>
         <load_address>0x127b</load_address>
         <run_address>0x127b</run_address>
         <size>0x6c</size>
         <input_file_ref idref="fl-14"/>
      </object_component>
      <object_component id="oc-e7">
         <name>.debug_abbrev</name>
         <load_address>0x12e7</load_address>
         <run_address>0x12e7</run_address>
         <size>0x50</size>
         <input_file_ref idref="fl-14"/>
      </object_component>
      <object_component id="oc-e6">
         <name>.debug_abbrev</name>
         <load_address>0x1337</load_address>
         <run_address>0x1337</run_address>
         <size>0x50</size>
         <input_file_ref idref="fl-14"/>
      </object_component>
      <object_component id="oc-79">
         <name>.debug_abbrev</name>
         <load_address>0x1387</load_address>
         <run_address>0x1387</run_address>
         <size>0x3d</size>
[...]
            <object_component_ref idref="oc-e2"/>
            <object_component_ref idref="oc-15e"/>
            <object_component_ref idref="oc-11a"/>
            <object_component_ref idref="oc-7f"/>
            <object_component_ref idref="oc-84"/>
            <object_component_ref idref="oc-91"/>
            <object_component_ref idref="oc-89"/>
            <object_component_ref idref="oc-26"/>
            <object_component_ref idref="oc-14"/>
            <object_component_ref idref="oc-47"/>
            <object_component_ref idref="oc-1a"/>
            <object_component_ref idref="oc-20"/>
            <object_component_ref idref="oc-da"/>
            <object_component_ref idref="oc-75"/>
            <object_component_ref idref="oc-3c"/>
            <object_component_ref idref="oc-56"/>
            <object_component_ref idref="oc-60"/>
            <object_component_ref idref="oc-78"/>
            <object_component_ref idref="oc-d7"/>
            <object_component_ref idref="oc-13b"/>
            <object_component_ref idref="oc-6d"/>
            <object_component_ref idref="oc-67"/>
            <object_component_ref idref="oc-ca"/>
         </contents>
      </logical_group>
      <logical_group id="lg-1df" display="never" color="cyan">
         <name>.debug_pubtypes</name>
         <load_address>0x0</load_address>
         <run_address>0x0</run_address>
         <size>0x679</size>
         <contents>
            <object_component_ref idref="oc-ad"/>
            <object_component_ref idref="oc-a1"/>
            <object_component_ref idref="oc-175"/>
            <object_component_ref idref="oc-1b7"/>
            <object_component_ref idref="oc-eb"/>
            <object_component_ref idref="oc-a6"/>
            <object_component_ref idref="oc-bd"/>
            <object_component_ref idref="oc-18a"/>
            <object_component_ref idref="oc-198"/>
            <object_component_ref idref="oc-40"/>
            <object_component_ref idref="oc-b3"/>
            <object_component_ref idref="oc-4e"/>
            <object_component_ref idref="oc-59"/>
            <object_component_ref idref="oc-dd"/>
            <object_component_ref idref="oc-13f"/>
            <object_component_ref idref="oc-132"/>
            <object_component_ref idref="oc-10d"/>
            <object_component_ref idref="oc-112"/>
            <object_component_ref idref="oc-155"/>
         </contents>
      </logical_group>
      <load_segment id="lg-1ee" display="no" color="cyan">
         <name>SEGMENT_0</name>
         <load_address>0x0</load_address>
         <run_address>0x0</run_address>
         <size>0xe70</size>
         <flags>0x5</flags>
         <contents>
            <logical_group_ref idref="lg-3"/>
            <logical_group_ref idref="lg-4"/>
            <logical_group_ref idref="lg-5"/>
            <logical_group_ref idref="lg-6"/>
         </contents>
      </load_segment>
      <load_segment id="lg-1ef" display="no" color="cyan">
         <name>SEGMENT_1</name>
         <run_address>0x20000000</run_address>
         <size>0x25d</size>
         <flags>0x6</flags>
         <contents>
            <logical_group_ref idref="lg-d"/>
            <logical_group_ref idref="lg-a"/>
            <logical_group_ref idref="lg-b"/>
         </contents>
      </load_segment>
   </logical_group_list>
   <placement_map>
      <memory_area display="yes" color="green">
         <name>FLASH</name>
         <page_id>0x0</page_id>
         <origin>0x0</origin>
         <length>0x8000</length>
         <used_space>0xe6c</used_space>
         <unused_space>0x7194</unused_space>
         <attributes>RX</attributes>
         <usage_details>
            <allocated_space>
               <start_address>0x0</start_address>
               <size>0x26c</size>
               <logical_group_ref idref="lg-3"/>
            </allocated_space>
            <allocated_space>
               <start_address>0x26c</start_address>
               <size>0xb14</size>
               <logical_group_ref idref="lg-4"/>
            </allocated_space>
            <allocated_space>
               <start_address>0xd80</start_address>
               <size>0x84</size>
               <logical_group_ref idref="lg-5"/>
            </allocated_space>
            <available_space>
               <start_address>0xe04</start_address>
               <size>0x4</size>
            </available_space>
            <allocated_space>
               <start_address>0xe08</start_address>
               <size>0x68</size>
               <logical_group_ref idref="lg-6"/>
            </allocated_space>
            <available_space>
               <start_address>0xe70</start_address>
               <size>0x7190</size>
            </available_space>
         </usage_details>
      </memory_area>
      <memory_area display="yes" color="green">
         <name>SRAM</name>
         <page_id>0x0</page_id>
         <origin>0x20000000</origin>
         <length>0x3000</length>
         <used_space>0x25b</used_space>
         <unused_space>0x2da5</unused_space>
         <attributes>RWX</attributes>
         <usage_details>
            <allocated_space>
               <start_address>0x20000000</start_address>
               <size>0x200</size>
               <logical_group_ref idref="lg-d"/>
            </allocated_space>
            <allocated_space>
               <start_address>0x20000200</start_address>
               <size>0x56</size>
               <logical_group_ref idref="lg-1c2"/>
            </allocated_space>
            <available_space>
               <start_address>0x20000256</start_address>
               <size>0x2</size>
            </available_space>
            <allocated_space>
               <start_address>0x20000258</start_address>
               <size>0x5</size>
               <logical_group_ref idref="lg-1c0"/>
            </allocated_space>
            <available_space>
               <start_address>0x2000025d</start_address>
               <size>0x2da3</size>
            </available_space>
         </usage_details>
      </memory_area>
   </placement_map>
   <cptbl_list>
      <cptbl>
         <name>__TI_cinit_table</name>
         <cprec>
            <name>.data</name>
            <load_address>0xe08</load_address>
            <load_size>0x42</load_size>
            <run_address>0x20000200</run_address>
            <run_size>0x56</run_size>
            <compression>rle</compression>
         </cprec>
         <cprec>
            <name>.bss</name>
            <load_address>0xe58</load_address>
            <load_size>0x8</load_size>
            <run_address>0x20000258</run_address>
            <run_size>0x5</run_size>
            <compression>zero_init</compression>
         </cprec>
      </cptbl>
   </cptbl_list>
   <handler_table>
      <handler_table_name>__TI_handler_table</handler_table_name>
      <handler>
         <index>0x0</index>
         <name>__TI_decompress_rle24</name>
      </handler>
      <handler>
         <index>0x1</index>
         <name>__TI_decompress_none</name>
      </handler>
      <handler>
         <index>0x2</index>
         <name>__TI_zero_init</name>
      </handler>
   </handler_table>
   <symbol_table>
      <symbol id="sm-1">
         <name>__STACK_TOP</name>
         <value>0x20000200</value>
      </symbol>
      <symbol id="sm-2">
         <name>__TI_CINIT_Base</name>
         <value>0xe60</value>
      </symbol>
      <symbol id="sm-3">
         <name>__TI_CINIT_Limit</name>
         <value>0xe70</value>
      </symbol>
      <symbol id="sm-4">
         <name>__TI_Handler_Table_Base</name>
         <value>0xe4c</value>
      </symbol>
      <symbol id="sm-5">
         <name>__TI_Handler_Table_Limit</name>
         <value>0xe58</value>
      </symbol>
      <symbol id="sm-6">
         <name>binit</name>
         <value>0xffffffff</value>
      </symbol>
      <symbol id="sm-7">
         <name>__binit__</name>
         <value>0xffffffff</value>
      </symbol>
      <symbol id="sm-8">
         <name>__STACK_SIZE</name>
         <value>0x200</value>
      </symbol>
      <symbol id="sm-9">
         <name>__STACK_END</name>
         <value>0x20000200</value>
      </symbol>
      <symbol id="sm-a">
         <name>__c_args__</name>
         <value>0xffffffff</value>
      </symbol>
      <symbol id="sm-45">
         <name>ResetISR</name>
         <value>0xd4f</value>
         <object_component_ref idref="oc-2a"/>
      </symbol>
      <symbol id="sm-46">
         <name>g_pfnVectors</name>
         <value>0x0</value>
         <object_component_ref idref="oc-f"/>
      </symbol>
      <symbol id="sm-74">
         <name>main</name>
         <value>0xc39</value>
         <object_component_ref idref="oc-cd"/>
      </symbol>
      <symbol id="sm-85">
         <name>g_psSchedulerTable</name>
         <value>0x20000200</value>
         <object_component_ref idref="oc-9c"/>
      </symbol>
      <symbol id="sm-86">
         <name>g_ui32SchedulerNumTasks</name>
         <value>0x2000024c</value>
         <object_component_ref idref="oc-99"/>
      </symbol>
      <symbol id="sm-93">
         <name>Task1</name>
         <value>0xd5b</value>
         <object_component_ref idref="oc-f3"/>
      </symbol>
      <symbol id="sm-a4">
         <name>Task2</name>
         <value>0xc85</value>
         <object_component_ref idref="oc-f9"/>
      </symbol>
      <symbol id="sm-a5">
         <name>Task2Update</name>
         <value>0xc8f</value>
         <object_component_ref idref="oc-f9"/>
      </symbol>
      <symbol id="sm-b6">
         <name>Task3</name>
         <value>0xc61</value>
         <object_component_ref idref="oc-ff"/>
      </symbol>
      <symbol id="sm-b7">
         <name>Task3Update</name>
         <value>0xc6b</value>
         <object_component_ref idref="oc-ff"/>
      </symbol>
      <symbol id="sm-db">
         <name>SchedulerTickCountGet</name>
         <value>0x37f</value>
         <object_component_ref idref="oc-30"/>
      </symbol>
      <symbol id="sm-dc">
         <name>SchedulerTaskEnable</name>
         <value>0x2fb</value>
         <object_component_ref idref="oc-30"/>
      </symbol>
      <symbol id="sm-dd">
         <name>SchedulerInit</name>
         <value>0x285</value>
         <object_component_ref idref="oc-30"/>
      </symbol>
      <symbol id="sm-de">
         <name>SchedulerElapsedTicksGet</name>
         <value>0x385</value>
         <object_component_ref idref="oc-30"/>
      </symbol>
      <symbol id="sm-df">
         <name>SchedulerTaskDisable</name>
         <value>0x35b</value>
         <object_component_ref idref="oc-30"/>
      </symbol>
      <symbol id="sm-e0">
         <name>SchedulerSysTickIntHandler</name>
         <value>0x26d</value>
         <object_component_ref idref="oc-30"/>
      </symbol>
      <symbol id="sm-e1">
         <name>SchedulerRun</name>
         <value>0x2a1</value>
         <object_component_ref idref="oc-30"/>
      </symbol>
      <symbol id="sm-e2">
         <name>SchedulerElapsedTicksCalc</name>
         <value>0x395</value>
         <object_component_ref idref="oc-30"/>
      </symbol>
      <symbol id="sm-fb">
         <name>switchState</name>
         <value>0x8e1</value>
         <object_component_ref idref="oc-11c"/>
      </symbol>
      <symbol id="sm-fc">
         <name>switchInit</name>
         <value>0x8ad</value>
         <object_component_ref idref="oc-11c"/>
      </symbol>
      <symbol id="sm-122">
         <name>RGBControl</name>
         <value>0x4fd</value>
         <object_component_ref idref="oc-128"/>
      </symbol>
      <symbol id="sm-123">
         <name>initRGBState</name>
         <value>0x52b</value>
         <object_component_ref idref="oc-128"/>
      </symbol>
      <symbol id="sm-124">
         <name>RGBMachineUpdate</name>
         <value>0x53f</value>
         <object_component_ref idref="oc-128"/>
      </symbol>
      <symbol id="sm-125">
         <name>RGB_TimerCount</name>
         <value>0x20000254</value>
         <object_component_ref idref="oc-96"/>
      </symbol>
      <symbol id="sm-140">
         <name>ledPin</name>
         <value>0xdf8</value>
         <object_component_ref idref="oc-185"/>
      </symbol>
      <symbol id="sm-141">
         <name>ledControl</name>
         <value>0xaab</value>
         <object_component_ref idref="oc-122"/>
      </symbol>
      <symbol id="sm-142">
         <name>ledSetVal</name>
         <value>0xdec</value>
         <object_component_ref idref="oc-185"/>
      </symbol>
      <symbol id="sm-143">
         <name>ledInit</name>
         <value>0xa99</value>
         <object_component_ref idref="oc-122"/>
      </symbol>
      <symbol id="sm-17a">
         <name>GPIOPinTypeGPIOInput</name>
         <value>0xd11</value>
         <object_component_ref idref="oc-161"/>
      </symbol>
      <symbol id="sm-17b">
         <name>GPIOPinTypeGPIOOutput</name>
         <value>0xca5</value>
         <object_component_ref idref="oc-179"/>
      </symbol>
      <symbol id="sm-17c">
         <name>GPIOPinRead</name>
         <value>0xd65</value>
         <object_component_ref idref="oc-16d"/>
      </symbol>
      <symbol id="sm-17d">
         <name>GPIODirModeSet</name>
         <value>0xc0d</value>
         <object_component_ref idref="oc-1a5"/>
      </symbol>
      <symbol id="sm-17e">
         <name>GPIOPinWrite</name>
         <value>0xd6b</value>
         <object_component_ref idref="oc-17f"/>
      </symbol>
      <symbol id="sm-17f">
         <name>GPIOPadConfigSet</name>
         <value>0x3c9</value>
         <object_component_ref idref="oc-167"/>
      </symbol>
      <symbol id="sm-1d2">
         <name>SysCtlClockSet</name>
         <value>0x71d</value>
         <object_component_ref idref="oc-116"/>
      </symbol>
      <symbol id="sm-1d3">
         <name>SysCtlDelay</name>
         <value>0xd71</value>
         <object_component_ref idref="oc-159"/>
      </symbol>
      <symbol id="sm-1d4">
         <name>SysCtlPeripheralEnable</name>
         <value>0xbd9</value>
         <object_component_ref idref="oc-15b"/>
      </symbol>
      <symbol id="sm-1d5">
         <name>SysCtlClockGet</name>
         <value>0x60d</value>
         <object_component_ref idref="oc-7b"/>
      </symbol>
      <symbol id="sm-1f8">
         <name>SysTickEnable</name>
         <value>0xcd5</value>
         <object_component_ref idref="oc-87"/>
      </symbol>
      <symbol id="sm-1f9">
         <name>SysTickIntEnable</name>
         <value>0xce9</value>
         <object_component_ref idref="oc-8d"/>
      </symbol>
      <symbol id="sm-1fa">
         <name>SysTickPeriodSet</name>
         <value>0xd25</value>
         <object_component_ref idref="oc-81"/>
      </symbol>
      <symbol id="sm-20d">
         <name>_c_int00</name>
         <value>0xaf9</value>
         <object_component_ref idref="oc-24"/>
      </symbol>
      <symbol id="sm-20e">
         <name>__stack</name>
         <value>0x20000000</value>
         <object_component_ref idref="oc-29"/>
      </symbol>
      <symbol id="sm-225">
         <name>__TI_decompress_none</name>
         <value>0xd35</value>
         <object_component_ref idref="oc-12"/>
      </symbol>
      <symbol id="sm-248">
         <name>__TI_decompress_rle24</name>
         <value>0xd77</value>
         <object_component_ref idref="oc-18"/>
      </symbol>
      <symbol id="sm-25a">
         <name>__TI_zero_init</name>
         <value>0xd43</value>
         <object_component_ref idref="oc-1e"/>
      </symbol>
      <symbol id="sm-279">
         <name>C$$EXIT</name>
         <value>0xb95</value>
         <object_component_ref idref="oc-70"/>
      </symbol>
      <symbol id="sm-27a">
         <name>abort</name>
         <value>0xb99</value>
         <object_component_ref idref="oc-70"/>
      </symbol>
      <symbol id="sm-27b">
         <name>exit</name>
         <value>0xba1</value>
         <object_component_ref idref="oc-70"/>
      </symbol>
      <symbol id="sm-27c">
         <name>__TI_dtors_ptr</name>
         <value>0x20000248</value>
         <object_component_ref idref="oc-d8"/>
      </symbol>
      <symbol id="sm-27d">
         <name>__TI_cleanup_ptr</name>
         <value>0x20000244</value>
         <object_component_ref idref="oc-d8"/>
      </symbol>
      <symbol id="sm-298">
         <name>memcpy</name>
         <value>0x811</value>
         <object_component_ref idref="oc-39"/>
      </symbol>
      <symbol id="sm-299">
         <name>__aeabi_memcpy</name>
         <value>0x811</value>
         <object_component_ref idref="oc-39"/>
      </symbol>
      <symbol id="sm-29a">
         <name>__aeabi_memcpy8</name>
         <value>0x811</value>
         <object_component_ref idref="oc-39"/>
      </symbol>
      <symbol id="sm-29b">
         <name>__aeabi_memcpy4</name>
         <value>0x811</value>
         <object_component_ref idref="oc-39"/>
      </symbol>
      <symbol id="sm-2aa">
         <name>__aeabi_memset</name>
         <value>0x947</value>
         <object_component_ref idref="oc-52"/>
      </symbol>
      <symbol id="sm-2ab">
         <name>memset</name>
         <value>0x94d</value>
         <object_component_ref idref="oc-52"/>
      </symbol>
      <symbol id="sm-2ac">
         <name>__aeabi_memset8</name>
         <value>0x947</value>
         <object_component_ref idref="oc-52"/>
      </symbol>
      <symbol id="sm-2ad">
         <name>__aeabi_memset4</name>
         <value>0x947</value>
         <object_component_ref idref="oc-52"/>
      </symbol>
      <symbol id="sm-2ae">
         <name>__aeabi_memclr8</name>
         <value>0x945</value>
         <object_component_ref idref="oc-52"/>
      </symbol>
      <symbol id="sm-2af">
         <name>__aeabi_memclr4</name>
         <value>0x945</value>
         <object_component_ref idref="oc-52"/>
      </symbol>
      <symbol id="sm-2b0">
         <name>__aeabi_memclr</name>
         <value>0x945</value>
         <object_component_ref idref="oc-52"/>
      </symbol>
      <symbol id="sm-2ba">
         <name>_system_pre_init</name>
         <value>0xd7d</value>
         <object_component_ref idref="oc-5e"/>
      </symbol>
      <symbol id="sm-2c2">
         <name>main_func_sp</name>
         <value>0x20000250</value>
         <object_component_ref idref="oc-76"/>
      </symbol>
      <symbol id="sm-2db">
         <name>_nop</name>
         <value>0xd0b</value>
         <object_component_ref idref="oc-136"/>
      </symbol>
      <symbol id="sm-2dc">
         <name>_lock</name>
         <value>0x2000023c</value>
         <object_component_ref idref="oc-d5"/>
      </symbol>
      <symbol id="sm-2dd">
         <name>_unlock</name>
         <value>0x20000240</value>
         <object_component_ref idref="oc-d5"/>
      </symbol>
      <symbol id="sm-2de">
         <name>_register_lock</name>
         <value>0xd03</value>
         <object_component_ref idref="oc-136"/>
      </symbol>
      <symbol id="sm-2df">
         <name>_register_unlock</name>
         <value>0xcfd</value>
         <object_component_ref idref="oc-136"/>
      </symbol>
      <symbol id="sm-2f4">
         <name>_args_main</name>
         <value>0xcbd</value>
         <object_component_ref idref="oc-6a"/>
      </symbol>
      <symbol id="sm-31a">
         <name>__TI_auto_init</name>
         <value>0x9c1</value>
         <object_component_ref idref="oc-64"/>
      </symbol>
      <symbol id="sm-334">
         <name>copy_in</name>
         <value>0xb49</value>
         <object_component_ref idref="oc-c5"/>
      </symbol>
      <symbol id="sm-335">
         <name>__TI_static_base__</name>
         <value>0x0</value>
      </symbol>
      <symbol id="sm-338">
         <name>SHT$$INIT_ARRAY$$Limit</name>
         <value>0x0</value>
      </symbol>
      <symbol id="sm-339">
         <name>SHT$$INIT_ARRAY$$Base</name>
         <value>0x0</value>
      </symbol>
   </symbol_table>
   <title>Link successful</title>
</link_info>
